// Jest Snapshot v1, https://goo.gl/fbAQLP

exports[`<MatchNav> renders properly 1`] = `
<element
  height={5}
>
  <box
    height={2}
    scrollable={true}
    top={0}
  >
    <element
      height={2}
      left={0}
      top={0}
      width={23}
    >
      <box
        align="center"
        content="LIVE full-time"
        style={
          Object {
            "bg": "red",
            "fg": "white",
          }
        }
        top={0}
        width="100%"
      />
      <box
        align="center"
        content="FRA - ARG [30m[47m1/8[49m[39m"
        style={
          Object {
            "bg": "red",
            "fg": "white",
          }
        }
        tags={true}
        top={1}
        width="100%"
      />
    </element>
    <element
      height={2}
      left={23}
      top={0}
      width={23}
    >
      <box
        align="center"
        content="LIVE full-time"
        style={
          Object {
            "bg": "black",
            "fg": "white",
          }
        }
        top={0}
        width="100%"
      />
      <box
        align="center"
        content="FRA - ARG [30m[47m1/8[49m[39m"
        style={
          Object {
            "bg": "black",
            "fg": "white",
          }
        }
        tags={true}
        top={1}
        width="100%"
      />
    </element>
    <element
      height={2}
      left={46}
      top={0}
      width={23}
    >
      <box
        align="center"
        content="LIVE full-time"
        style={
          Object {
            "bg": "black",
            "fg": "white",
          }
        }
        top={0}
        width="100%"
      />
      <box
        align="center"
        content="FRA - ARG [30m[47m1/8[49m[39m"
        style={
          Object {
            "bg": "black",
            "fg": "white",
          }
        }
        tags={true}
        top={1}
        width="100%"
      />
    </element>
    <element
      height={2}
      left={69}
      top={0}
      width={23}
    >
      <box
        align="center"
        content="LIVE full-time"
        style={
          Object {
            "bg": "black",
            "fg": "white",
          }
        }
        top={0}
        width="100%"
      />
      <box
        align="center"
        content="FRA - ARG [30m[47m1/8[49m[39m"
        style={
          Object {
            "bg": "black",
            "fg": "white",
          }
        }
        tags={true}
        top={1}
        width="100%"
      />
    </element>
    <element
      height={2}
      left={92}
      top={0}
      width={23}
    >
      <box
        align="center"
        content="LIVE full-time"
        style={
          Object {
            "bg": "black",
            "fg": "white",
          }
        }
        top={0}
        width="100%"
      />
      <box
        align="center"
        content="FRA - ARG [30m[47m1/8[49m[39m"
        style={
          Object {
            "bg": "black",
            "fg": "white",
          }
        }
        tags={true}
        top={1}
        width="100%"
      />
    </element>
    <element
      height={2}
      left={115}
      top={0}
      width={23}
    >
      <box
        align="center"
        content="LIVE full-time"
        style={
          Object {
            "bg": "black",
            "fg": "white",
          }
        }
        top={0}
        width="100%"
      />
      <box
        align="center"
        content="FRA - ARG [30m[47m1/8[49m[39m"
        style={
          Object {
            "bg": "black",
            "fg": "white",
          }
        }
        tags={true}
        top={1}
        width="100%"
      />
    </element>
    <element
      height={2}
      left={138}
      top={0}
      width={23}
    >
      <box
        align="center"
        content="LIVE full-time"
        style={
          Object {
            "bg": "black",
            "fg": "white",
          }
        }
        top={0}
        width="100%"
      />
      <box
        align="center"
        content="FRA - ARG [30m[47m1/8[49m[39m"
        style={
          Object {
            "bg": "black",
            "fg": "white",
          }
        }
        tags={true}
        top={1}
        width="100%"
      />
    </element>
    <element
      height={2}
      left={161}
      top={0}
      width={23}
    >
      <box
        align="center"
        content="LIVE full-time"
        style={
          Object {
            "bg": "black",
            "fg": "white",
          }
        }
        top={0}
        width="100%"
      />
      <box
        align="center"
        content="FRA - ARG [30m[47m1/8[49m[39m"
        style={
          Object {
            "bg": "black",
            "fg": "white",
          }
        }
        tags={true}
        top={1}
        width="100%"
      />
    </element>
    <element
      height={2}
      left={184}
      top={0}
      width={23}
    >
      <box
        align="center"
        content="LIVE full-time"
        style={
          Object {
            "bg": "black",
            "fg": "white",
          }
        }
        top={0}
        width="100%"
      />
      <box
        align="center"
        content="FRA - ARG [30m[47m1/8[49m[39m"
        style={
          Object {
            "bg": "black",
            "fg": "white",
          }
        }
        tags={true}
        top={1}
        width="100%"
      />
    </element>
    <element
      height={2}
      left={207}
      top={0}
      width={23}
    >
      <box
        align="center"
        content="LIVE full-time"
        style={
          Object {
            "bg": "black",
            "fg": "white",
          }
        }
        top={0}
        width="100%"
      />
      <box
        align="center"
        content="FRA - ARG [30m[47m1/8[49m[39m"
        style={
          Object {
            "bg": "black",
            "fg": "white",
          }
        }
        tags={true}
        top={1}
        width="100%"
      />
    </element>
  </box>
  <box
    height={2}
    scrollable={true}
    top={3}
  >
    <element
      height={2}
      left={0}
      top={0}
      width={23}
    >
      <box
        align="center"
        content="06/30/2018 10:00 AM"
        style={
          Object {
            "bg": "black",
            "fg": "white",
          }
        }
        top={0}
        width="100%"
      />
      <box
        align="center"
        content="{bold}FRA{/bold} 4-3 ARG [30m[47m1/8[49m[39m"
        style={
          Object {
            "bg": "black",
            "fg": "white",
          }
        }
        tags={true}
        top={1}
        width="100%"
      />
    </element>
    <element
      height={2}
      left={23}
      top={0}
      width={23}
    >
      <box
        align="center"
        content="06/30/2018 10:00 AM"
        style={
          Object {
            "bg": "black",
            "fg": "white",
          }
        }
        top={0}
        width="100%"
      />
      <box
        align="center"
        content="{bold}FRA{/bold} 4-3 ARG [30m[47m1/8[49m[39m"
        style={
          Object {
            "bg": "black",
            "fg": "white",
          }
        }
        tags={true}
        top={1}
        width="100%"
      />
    </element>
    <element
      height={2}
      left={46}
      top={0}
      width={23}
    >
      <box
        align="center"
        content="06/30/2018 10:00 AM"
        style={
          Object {
            "bg": "black",
            "fg": "white",
          }
        }
        top={0}
        width="100%"
      />
      <box
        align="center"
        content="{bold}FRA{/bold} 4-3 ARG [30m[47m1/8[49m[39m"
        style={
          Object {
            "bg": "black",
            "fg": "white",
          }
        }
        tags={true}
        top={1}
        width="100%"
      />
    </element>
    <element
      height={2}
      left={69}
      top={0}
      width={23}
    >
      <box
        align="center"
        content="06/30/2018 10:00 AM"
        style={
          Object {
            "bg": "black",
            "fg": "white",
          }
        }
        top={0}
        width="100%"
      />
      <box
        align="center"
        content="{bold}FRA{/bold} 4-3 ARG [30m[47m1/8[49m[39m"
        style={
          Object {
            "bg": "black",
            "fg": "white",
          }
        }
        tags={true}
        top={1}
        width="100%"
      />
    </element>
    <element
      height={2}
      left={92}
      top={0}
      width={23}
    >
      <box
        align="center"
        content="06/30/2018 10:00 AM"
        style={
          Object {
            "bg": "black",
            "fg": "white",
          }
        }
        top={0}
        width="100%"
      />
      <box
        align="center"
        content="{bold}FRA{/bold} 4-3 ARG [30m[47m1/8[49m[39m"
        style={
          Object {
            "bg": "black",
            "fg": "white",
          }
        }
        tags={true}
        top={1}
        width="100%"
      />
    </element>
    <element
      height={2}
      left={115}
      top={0}
      width={23}
    >
      <box
        align="center"
        content="06/30/2018 10:00 AM"
        style={
          Object {
            "bg": "black",
            "fg": "white",
          }
        }
        top={0}
        width="100%"
      />
      <box
        align="center"
        content="{bold}FRA{/bold} 4-3 ARG [30m[47m1/8[49m[39m"
        style={
          Object {
            "bg": "black",
            "fg": "white",
          }
        }
        tags={true}
        top={1}
        width="100%"
      />
    </element>
    <element
      height={2}
      left={138}
      top={0}
      width={23}
    >
      <box
        align="center"
        content="06/30/2018 10:00 AM"
        style={
          Object {
            "bg": "black",
            "fg": "white",
          }
        }
        top={0}
        width="100%"
      />
      <box
        align="center"
        content="{bold}FRA{/bold} 4-3 ARG [30m[47m1/8[49m[39m"
        style={
          Object {
            "bg": "black",
            "fg": "white",
          }
        }
        tags={true}
        top={1}
        width="100%"
      />
    </element>
    <element
      height={2}
      left={161}
      top={0}
      width={23}
    >
      <box
        align="center"
        content="06/30/2018 10:00 AM"
        style={
          Object {
            "bg": "black",
            "fg": "white",
          }
        }
        top={0}
        width="100%"
      />
      <box
        align="center"
        content="{bold}FRA{/bold} 4-3 ARG [30m[47m1/8[49m[39m"
        style={
          Object {
            "bg": "black",
            "fg": "white",
          }
        }
        tags={true}
        top={1}
        width="100%"
      />
    </element>
    <element
      height={2}
      left={184}
      top={0}
      width={23}
    >
      <box
        align="center"
        content="06/30/2018 10:00 AM"
        style={
          Object {
            "bg": "black",
            "fg": "white",
          }
        }
        top={0}
        width="100%"
      />
      <box
        align="center"
        content="{bold}FRA{/bold} 4-3 ARG [30m[47m1/8[49m[39m"
        style={
          Object {
            "bg": "black",
            "fg": "white",
          }
        }
        tags={true}
        top={1}
        width="100%"
      />
    </element>
    <element
      height={2}
      left={207}
      top={0}
      width={23}
    >
      <box
        align="center"
        content="06/30/2018 10:00 AM"
        style={
          Object {
            "bg": "black",
            "fg": "white",
          }
        }
        top={0}
        width="100%"
      />
      <box
        align="center"
        content="{bold}FRA{/bold} 4-3 ARG [30m[47m1/8[49m[39m"
        style={
          Object {
            "bg": "black",
            "fg": "white",
          }
        }
        tags={true}
        top={1}
        width="100%"
      />
    </element>
  </box>
</element>
`;
